# rec 007-makemigrations
# time:    2026-09-22 09:53:43 +0530
# folder:  /d/django/wagtail-school
# command: D:\django\.virtualenvs/wagtail-school/Scripts/python.exe manage.py makemigrations core home pages events staff forms
# commit:  2a9c53d
# ----------------------------------------------------------------
Traceback (most recent call last):
  File "D:\django\.virtualenvs\wagtail-school\lib\site-packages\django\db\backends\base\base.py", line 217, in ensure_connection
    self.connect()
  File "D:\django\.virtualenvs\wagtail-school\lib\site-packages\django\db\backends\base\base.py", line 195, in connect
    self.connection = self.get_new_connection(conn_params)
  File "D:\django\.virtualenvs\wagtail-school\lib\site-packages\django\db\backends\postgresql\base.py", line 178, in get_new_connection
    connection = Database.connect(**conn_params)
  File "D:\django\.virtualenvs\wagtail-school\lib\site-packages\psycopg2\__init__.py", line 127, in connect
    conn = _connect(dsn, connection_factory=connection_factory, **kwasync)
psycopg2.OperationalError: FATAL:  password authentication failed for user "school"


The above exception was the direct cause of the following exception:

Traceback (most recent call last):
  File "manage.py", line 10, in <module>
    execute_from_command_line(sys.argv)
  File "D:\django\.virtualenvs\wagtail-school\lib\site-packages\django\core\management\__init__.py", line 381, in execute_from_command_line
    utility.execute()
  File "D:\django\.virtualenvs\wagtail-school\lib\site-packages\django\core\management\__init__.py", line 375, in execute
    self.fetch_command(subcommand).run_from_argv(self.argv)
  File "D:\django\.virtualenvs\wagtail-school\lib\site-packages\django\core\management\base.py", line 323, in run_from_argv
    self.execute(*args, **cmd_options)
  File "D:\django\.virtualenvs\wagtail-school\lib\site-packages\django\core\management\base.py", line 364, in execute
    output = self.handle(*args, **options)
  File "D:\django\.virtualenvs\wagtail-school\lib\site-packages\django\core\management\base.py", line 83, in wrapped
    res = handle_func(*args, **kwargs)
  File "D:\django\.virtualenvs\wagtail-school\lib\site-packages\django\core\management\commands\makemigrations.py", line 101, in handle
    loader.check_consistent_history(connection)
  File "D:\django\.virtualenvs\wagtail-school\lib\site-packages\django\db\migrations\loader.py", line 283, in check_consistent_history
    applied = recorder.applied_migrations()
  File "D:\django\.virtualenvs\wagtail-school\lib\site-packages\django\db\migrations\recorder.py", line 73, in applied_migrations
    if self.has_table():
  File "D:\django\.virtualenvs\wagtail-school\lib\site-packages\django\db\migrations\recorder.py", line 56, in has_table
    return self.Migration._meta.db_table in self.connection.introspection.table_names(self.connection.cursor())
  File "D:\django\.virtualenvs\wagtail-school\lib\site-packages\django\db\backends\base\base.py", line 256, in cursor
    return self._cursor()
  File "D:\django\.virtualenvs\wagtail-school\lib\site-packages\django\db\backends\base\base.py", line 233, in _cursor
    self.ensure_connection()
  File "D:\django\.virtualenvs\wagtail-school\lib\site-packages\django\db\backends\base\base.py", line 217, in ensure_connection
    self.connect()
  File "D:\django\.virtualenvs\wagtail-school\lib\site-packages\django\db\utils.py", line 89, in __exit__
    raise dj_exc_value.with_traceback(traceback) from exc_value
  File "D:\django\.virtualenvs\wagtail-school\lib\site-packages\django\db\backends\base\base.py", line 217, in ensure_connection
    self.connect()
  File "D:\django\.virtualenvs\wagtail-school\lib\site-packages\django\db\backends\base\base.py", line 195, in connect
    self.connection = self.get_new_connection(conn_params)
  File "D:\django\.virtualenvs\wagtail-school\lib\site-packages\django\db\backends\postgresql\base.py", line 178, in get_new_connection
    connection = Database.connect(**conn_params)
  File "D:\django\.virtualenvs\wagtail-school\lib\site-packages\psycopg2\__init__.py", line 127, in connect
    conn = _connect(dsn, connection_factory=connection_factory, **kwasync)
django.db.utils.OperationalError: FATAL:  password authentication failed for user "school"

# ----------------------------------------------------------------
# exit code: 1
# duration:  1s
