# rec 014-seed-demo-reset-again
# time:    2026-09-22 10:16:27 +0530
# folder:  /d/django/wagtail-school
# command: D:\django\.virtualenvs/wagtail-school/Scripts/python.exe manage.py seed_demo --reset
# commit:  d2b5052
# ----------------------------------------------------------------
Removing existing demo content...
Content-Type: text/plain; charset="utf-8"
MIME-Version: 1.0
Content-Transfer-Encoding: 8bit
Subject: New enrolment enquiry
From: website@kestrelridge.example
To: admissions@kestrelridge.example
Date: Tue, 22 Sep 2026 04:46:31 -0000
Message-ID: <179005239196.5288.9006007806121224777@DESKTOP-3R3L32E>
Auto-Submitted: auto-generated

Parent/Guardian's full name: Anh McAllister
Email address: anh.mcallister@example.com
Phone number: (02) 5550 7868
Student's first name: Eloise
Year level of entry: Year 3
Preferred start term: Term 2
Languages spoken at home (e.g. Français, Español): None
How did you hear about us?: Social media
Questions or comments: None
Subscribe to our newsletter: True
-------------------------------------------------------------------------------
Content-Type: text/plain; charset="utf-8"
MIME-Version: 1.0
Content-Transfer-Encoding: 7bit
Subject: Website contact form
From: website@kestrelridge.example
To: enquiries@kestrelridge.example
Date: Tue, 22 Sep 2026 04:46:31 -0000
Message-ID: <179005239196.5288.13781252927947795915@DESKTOP-3R3L32E>
Auto-Submitted: auto-generated

Your name: Zoltan Quintero
Email: zoltan.quintero@example.com
Subject: General enquiry
Message: Hi, is the school pool open to the community on weekends?
-------------------------------------------------------------------------------
Content-Type: text/plain; charset="utf-8"
MIME-Version: 1.0
Content-Transfer-Encoding: 8bit
Subject: New enrolment enquiry
From: website@kestrelridge.example
To: admissions@kestrelridge.example
Date: Tue, 22 Sep 2026 04:46:31 -0000
Message-ID: <179005239197.5288.7103896737954161163@DESKTOP-3R3L32E>
Auto-Submitted: auto-generated

Parent/Guardian's full name: Vanessa Castellano
Email address: vanessa.castellano@example.com
Phone number: (02) 5550 8574
Student's first name: Theo
Year level of entry: Year 4
Preferred start term: Term 3
Languages spoken at home (e.g. Français, Español): Português
How did you hear about us?: Friend or family
Questions or comments: None
Subscribe to our newsletter: False
-------------------------------------------------------------------------------
Content-Type: text/plain; charset="utf-8"
MIME-Version: 1.0
Content-Transfer-Encoding: 7bit
Subject: Website contact form
From: website@kestrelridge.example
To: enquiries@kestrelridge.example
Date: Tue, 22 Sep 2026 04:46:31 -0000
Message-ID: <179005239197.5288.3311222504758967765@DESKTOP-3R3L32E>
Auto-Submitted: auto-generated

Your name: Tahlia Abernethy
Email: tahlia.abernethy@example.com
Subject: Admissions
Message: What documents do we need for the enrolment application?
-------------------------------------------------------------------------------
Content-Type: text/plain; charset="utf-8"
MIME-Version: 1.0
Content-Transfer-Encoding: 8bit
Subject: New enrolment enquiry
From: website@kestrelridge.example
To: admissions@kestrelridge.example
Date: Tue, 22 Sep 2026 04:46:31 -0000
Message-ID: <179005239197.5288.10537942656381122978@DESKTOP-3R3L32E>
Auto-Submitted: auto-generated

Parent/Guardian's full name: Bronwyn McAllister
Email address: bronwyn.mcallister@example.com
Phone number: (02) 5550 2515
Student's first name: Rafael
Year level of entry: Year 4
Preferred start term: Term 1
Languages spoken at home (e.g. Français, Español): None
How did you hear about us?: Friend or family, Social media
Questions or comments: Our daughter plays the violin. Could she join the string ensemble straight away?
Subscribe to our newsletter: True
-------------------------------------------------------------------------------
Content-Type: text/plain; charset="utf-8"
MIME-Version: 1.0
Content-Transfer-Encoding: 8bit
Subject: New enrolment enquiry
From: website@kestrelridge.example
To: admissions@kestrelridge.example
Date: Tue, 22 Sep 2026 04:46:31 -0000
Message-ID: <179005239197.5288.2149734094748094429@DESKTOP-3R3L32E>
Auto-Submitted: auto-generated

Parent/Guardian's full name: Aisha Abernethy
Email address: aisha.abernethy@example.com
Phone number: None
Student's first name: Charlie
Year level of entry: Year 1
Preferred start term: Term 4
Languages spoken at home (e.g. Français, Español): None
How did you hear about us?: Other
Questions or comments: Is there a bus service from the northern suburbs?
Subscribe to our newsletter: False
-------------------------------------------------------------------------------
Content-Type: text/plain; charset="utf-8"
MIME-Version: 1.0
Content-Transfer-Encoding: 8bit
Subject: New enrolment enquiry
From: website@kestrelridge.example
To: admissions@kestrelridge.example
Date: Tue, 22 Sep 2026 04:46:31 -0000
Message-ID: <179005239198.5288.8125075598242135319@DESKTOP-3R3L32E>
Auto-Submitted: auto-generated

Parent/Guardian's full name: Anh Baptiste
Email address: anh.baptiste@example.com
Phone number: (02) 5550 4745
Student's first name: Zara
Year level of entry: Year 4
Preferred start term: Term 2
Languages spoken at home (e.g. Français, Español): Korean
How did you hear about us?: Social media
Questions or comments: None
Subscribe to our newsletter: True
-------------------------------------------------------------------------------
Content-Type: text/plain; charset="utf-8"
MIME-Version: 1.0
Content-Transfer-Encoding: 8bit
Subject: New enrolment enquiry
From: website@kestrelridge.example
To: admissions@kestrelridge.example
Date: Tue, 22 Sep 2026 04:46:31 -0000
Message-ID: <179005239198.5288.5755806267217922771@DESKTOP-3R3L32E>
Auto-Submitted: auto-generated

Parent/Guardian's full name: Chloé Yilmaz
Email address: chloe.yilmaz@example.com
Phone number: None
Student's first name: Kai
Year level of entry: Year 4
Preferred start term: Term 4
Languages spoken at home (e.g. Français, Español): Te reo Māori
How did you hear about us?: Social media
Questions or comments: Could we book a tour in the next few weeks?
Subscribe to our newsletter: True
-------------------------------------------------------------------------------
Content-Type: text/plain; charset="utf-8"
MIME-Version: 1.0
Content-Transfer-Encoding: 8bit
Subject: New enrolment enquiry
From: website@kestrelridge.example
To: admissions@kestrelridge.example
Date: Tue, 22 Sep 2026 04:46:31 -0000
Message-ID: <179005239198.5288.13475663269068709976@DESKTOP-3R3L32E>
Auto-Submitted: auto-generated

Parent/Guardian's full name: Quinn Dimitriou
Email address: quinn.dimitriou@example.com
Phone number: (02) 5550 9607
Student's first name: Oscar
Year level of entry: Year 2
Preferred start term: Term 3
Languages spoken at home (e.g. Français, Español): Tiếng Việt
How did you hear about us?: Website
Questions or comments: We would like to know more about the robotics program.
Subscribe to our newsletter: False
-------------------------------------------------------------------------------
Content-Type: text/plain; charset="utf-8"
MIME-Version: 1.0
Content-Transfer-Encoding: 8bit
Subject: New enrolment enquiry
From: website@kestrelridge.example
To: admissions@kestrelridge.example
Date: Tue, 22 Sep 2026 04:46:31 -0000
Message-ID: <179005239199.5288.13368080596858210452@DESKTOP-3R3L32E>
Auto-Submitted: auto-generated

Parent/Guardian's full name: Keiko Nakamura
Email address: keiko.nakamura@example.com
Phone number: (02) 5550 7126
Student's first name: Oscar
Year level of entry: Kindergarten
Preferred start term: Term 2
Languages spoken at home (e.g. Français, Español): Te reo Māori
How did you hear about us?: Social media, Open Day
Questions or comments: None
Subscribe to our newsletter: True
-------------------------------------------------------------------------------
Content-Type: text/plain; charset="utf-8"
MIME-Version: 1.0
Content-Transfer-Encoding: 8bit
Subject: New enrolment enquiry
From: website@kestrelridge.example
To: admissions@kestrelridge.example
Date: Tue, 22 Sep 2026 04:46:31 -0000
Message-ID: <179005239199.5288.4452442240156881993@DESKTOP-3R3L32E>
Auto-Submitted: auto-generated

Parent/Guardian's full name: Zoltan Oyelaran
Email address: zoltan.oyelaran@example.com
Phone number: (02) 5550 8507
Student's first name: Arlo
Year level of entry: Kindergarten
Preferred start term: Term 2
Languages spoken at home (e.g. Français, Español): None
How did you hear about us?: Friend or family
Questions or comments: None
Subscribe to our newsletter: True
-------------------------------------------------------------------------------
Content-Type: text/plain; charset="utf-8"
MIME-Version: 1.0
Content-Transfer-Encoding: 8bit
Subject: New enrolment enquiry
From: website@kestrelridge.example
To: admissions@kestrelridge.example
Date: Tue, 22 Sep 2026 04:46:31 -0000
Message-ID: <179005239199.5288.11892421545316188360@DESKTOP-3R3L32E>
Auto-Submitted: auto-generated

Parent/Guardian's full name: Ines Umeh
Email address: ines.umeh@example.com
Phone number: None
Student's first name: Hugo
Year level of entry: Year 9
Preferred start term: Term 3
Languages spoken at home (e.g. Français, Español): Hindi and English
How did you hear about us?: Other
Questions or comments: Is there a bus service from the northern suburbs?
Subscribe to our newsletter: True
-------------------------------------------------------------------------------
Content-Type: text/plain; charset="utf-8"
MIME-Version: 1.0
Content-Transfer-Encoding: 8bit
Subject: New enrolment enquiry
From: website@kestrelridge.example
To: admissions@kestrelridge.example
Date: Tue, 22 Sep 2026 04:46:32 -0000
Message-ID: <179005239200.5288.10090089071032907757@DESKTOP-3R3L32E>
Auto-Submitted: auto-generated

Parent/Guardian's full name: Rania Thorne
Email address: rania.thorne@example.com
Phone number: (02) 5550 4954
Student's first name: Eloise
Year level of entry: Year 1
Preferred start term: Term 4
Languages spoken at home (e.g. Français, Español): Français
How did you hear about us?: Other
Questions or comments: What scholarships are available for Year 7 entry?
Subscribe to our newsletter: True
-------------------------------------------------------------------------------
Content-Type: text/plain; charset="utf-8"
MIME-Version: 1.0
Content-Transfer-Encoding: 8bit
Subject: New enrolment enquiry
From: website@kestrelridge.example
To: admissions@kestrelridge.example
Date: Tue, 22 Sep 2026 04:46:32 -0000
Message-ID: <179005239200.5288.15458141497451466177@DESKTOP-3R3L32E>
Auto-Submitted: auto-generated

Parent/Guardian's full name: Chloé Abernethy
Email address: chloe.abernethy@example.com
Phone number: (02) 5550 2807
Student's first name: Hugo
Year level of entry: Year 6
Preferred start term: Term 4
Languages spoken at home (e.g. Français, Español): English
How did you hear about us?: Website
Questions or comments: My son has a peanut allergy. How does the canteen manage allergies?
Subscribe to our newsletter: False
-------------------------------------------------------------------------------
Content-Type: text/plain; charset="utf-8"
MIME-Version: 1.0
Content-Transfer-Encoding: 8bit
Subject: New enrolment enquiry
From: website@kestrelridge.example
To: admissions@kestrelridge.example
Date: Tue, 22 Sep 2026 04:46:32 -0000
Message-ID: <179005239200.5288.5953656156413869607@DESKTOP-3R3L32E>
Auto-Submitted: auto-generated

Parent/Guardian's full name: Farid Petrakis
Email address: farid.petrakis@example.com
Phone number: (02) 5550 2481
Student's first name: Jasper
Year level of entry: Year 6
Preferred start term: Term 2
Languages spoken at home (e.g. Français, Español): Tiếng Việt
How did you hear about us?: Friend or family
Questions or comments: Our daughter plays the violin. Could she join the string ensemble straight away?
Subscribe to our newsletter: True
-------------------------------------------------------------------------------
Content-Type: text/plain; charset="utf-8"
MIME-Version: 1.0
Content-Transfer-Encoding: 8bit
Subject: New enrolment enquiry
From: website@kestrelridge.example
To: admissions@kestrelridge.example
Date: Tue, 22 Sep 2026 04:46:32 -0000
Message-ID: <179005239201.5288.9943048558449615793@DESKTOP-3R3L32E>
Auto-Submitted: auto-generated

Parent/Guardian's full name: Umar Umeh
Email address: umar.umeh@example.com
Phone number: (02) 5550 8572
Student's first name: Rafael
Year level of entry: Year 3
Preferred start term: Term 2
Languages spoken at home (e.g. Français, Español): Hindi and English
How did you hear about us?: Open Day, Website
Questions or comments: Do you offer before and after school care for the Junior School?
Subscribe to our newsletter: True
-------------------------------------------------------------------------------
Content-Type: text/plain; charset="utf-8"
MIME-Version: 1.0
Content-Transfer-Encoding: 8bit
Subject: New enrolment enquiry
From: website@kestrelridge.example
To: admissions@kestrelridge.example
Date: Tue, 22 Sep 2026 04:46:32 -0000
Message-ID: <179005239201.5288.5478619861639285373@DESKTOP-3R3L32E>
Auto-Submitted: auto-generated

Parent/Guardian's full name: Bronwyn Petrakis
Email address: bronwyn.petrakis@example.com
Phone number: (02) 5550 9840
Student's first name: Kai
Year level of entry: Year 9
Preferred start term: Term 3
Languages spoken at home (e.g. Français, Español): Italiano
How did you hear about us?: Open Day, Website
Questions or comments: Can we meet the Head of Junior School before applying?
Subscribe to our newsletter: True
-------------------------------------------------------------------------------
Content-Type: text/plain; charset="utf-8"
MIME-Version: 1.0
Content-Transfer-Encoding: 8bit
Subject: New enrolment enquiry
From: website@kestrelridge.example
To: admissions@kestrelridge.example
Date: Tue, 22 Sep 2026 04:46:32 -0000
Message-ID: <179005239201.5288.7550442048301622874@DESKTOP-3R3L32E>
Auto-Submitted: auto-generated

Parent/Guardian's full name: Umar Jankowski
Email address: umar.jankowski@example.com
Phone number: (02) 5550 7989
Student's first name: Rafael
Year level of entry: Year 1
Preferred start term: Term 2
Languages spoken at home (e.g. Français, Español): Deutsch
How did you hear about us?: Friend or family, Website
Questions or comments: None
Subscribe to our newsletter: True
-------------------------------------------------------------------------------
Content-Type: text/plain; charset="utf-8"
MIME-Version: 1.0
Content-Transfer-Encoding: 8bit
Subject: Website contact form
From: website@kestrelridge.example
To: enquiries@kestrelridge.example
Date: Tue, 22 Sep 2026 04:46:32 -0000
Message-ID: <179005239202.5288.12467865271299584549@DESKTOP-3R3L32E>
Auto-Submitted: auto-generated

Your name: Maya Sørensen
Email: maya.sorensen@example.com
Subject: Admissions
Message: We missed the Open Morning. Is there another chance to see the school this term?
-------------------------------------------------------------------------------
Content-Type: text/plain; charset="utf-8"
MIME-Version: 1.0
Content-Transfer-Encoding: 8bit
Subject: Website contact form
From: website@kestrelridge.example
To: enquiries@kestrelridge.example
Date: Tue, 22 Sep 2026 04:46:32 -0000
Message-ID: <179005239202.5288.16705436422075996155@DESKTOP-3R3L32E>
Auto-Submitted: auto-generated

Your name: Delphine Nakamura
Email: delphine.nakamura@example.com
Subject: General enquiry
Message: I'm a former student (class of 1988) — is there an alumni association?
-------------------------------------------------------------------------------
Content-Type: text/plain; charset="utf-8"
MIME-Version: 1.0
Content-Transfer-Encoding: 8bit
Subject: New enrolment enquiry
From: website@kestrelridge.example
To: admissions@kestrelridge.example
Date: Tue, 22 Sep 2026 04:46:32 -0000
Message-ID: <179005239202.5288.9263915392940309000@DESKTOP-3R3L32E>
Auto-Submitted: auto-generated

Parent/Guardian's full name: Vanessa Baptiste
Email address: vanessa.baptiste@example.com
Phone number: (02) 5550 5478
Student's first name: Mateo
Year level of entry: Year 11
Preferred start term: Term 4
Languages spoken at home (e.g. Français, Español): Hindi and English
How did you hear about us?: Friend or family
Questions or comments: None
Subscribe to our newsletter: False
-------------------------------------------------------------------------------
Content-Type: text/plain; charset="utf-8"
MIME-Version: 1.0
Content-Transfer-Encoding: 8bit
Subject: New enrolment enquiry
From: website@kestrelridge.example
To: admissions@kestrelridge.example
Date: Tue, 22 Sep 2026 04:46:32 -0000
Message-ID: <179005239203.5288.17777522343181593411@DESKTOP-3R3L32E>
Auto-Submitted: auto-generated

Parent/Guardian's full name: Xavier Nakamura
Email address: xavier.nakamura@example.com
Phone number: (02) 5550 2858
Student's first name: Nina
Year level of entry: Year 6
Preferred start term: Term 1
Languages spoken at home (e.g. Français, Español): Español
How did you hear about us?: Friend or family
Questions or comments: My son has a peanut allergy. How does the canteen manage allergies?
Subscribe to our newsletter: False
-------------------------------------------------------------------------------
Content-Type: text/plain; charset="utf-8"
MIME-Version: 1.0
Content-Transfer-Encoding: 8bit
Subject: New enrolment enquiry
From: website@kestrelridge.example
To: admissions@kestrelridge.example
Date: Tue, 22 Sep 2026 04:46:32 -0000
Message-ID: <179005239203.5288.48560083612521567@DESKTOP-3R3L32E>
Auto-Submitted: auto-generated

Parent/Guardian's full name: Aisha Jankowski
Email address: aisha.jankowski@example.com
Phone number: (02) 5550 8303
Student's first name: Nina
Year level of entry: Year 6
Preferred start term: Term 3
Languages spoken at home (e.g. Français, Español): None
How did you hear about us?: Open Day
Questions or comments: None
Subscribe to our newsletter: True
-------------------------------------------------------------------------------
Content-Type: text/plain; charset="utf-8"
MIME-Version: 1.0
Content-Transfer-Encoding: 7bit
Subject: Website contact form
From: website@kestrelridge.example
To: enquiries@kestrelridge.example
Date: Tue, 22 Sep 2026 04:46:32 -0000
Message-ID: <179005239203.5288.8925481755317703295@DESKTOP-3R3L32E>
Auto-Submitted: auto-generated

Your name: Yasmin Jankowski
Email: yasmin.jankowski@example.com
Subject: Events
Message: Are tickets needed for the Spring Music Concert?
-------------------------------------------------------------------------------
Content-Type: text/plain; charset="utf-8"
MIME-Version: 1.0
Content-Transfer-Encoding: 8bit
Subject: New enrolment enquiry
From: website@kestrelridge.example
To: admissions@kestrelridge.example
Date: Tue, 22 Sep 2026 04:46:32 -0000
Message-ID: <179005239204.5288.13163886551958463228@DESKTOP-3R3L32E>
Auto-Submitted: auto-generated

Parent/Guardian's full name: Aisha Petrakis
Email address: aisha.petrakis@example.com
Phone number: (02) 5550 8675
Student's first name: Eloise
Year level of entry: Kindergarten
Preferred start term: Term 2
Languages spoken at home (e.g. Français, Español): Hindi and English
How did you hear about us?: Other
Questions or comments: What scholarships are available for Year 7 entry?
Subscribe to our newsletter: False
-------------------------------------------------------------------------------
Content-Type: text/plain; charset="utf-8"
MIME-Version: 1.0
Content-Transfer-Encoding: 7bit
Subject: Website contact form
From: website@kestrelridge.example
To: enquiries@kestrelridge.example
Date: Tue, 22 Sep 2026 04:46:32 -0000
Message-ID: <179005239204.5288.17311153150330825596@DESKTOP-3R3L32E>
Auto-Submitted: auto-generated

Your name: Ines Nakamura
Email: ines.nakamura@example.com
Subject: General enquiry
Message: Can you tell me where to buy second-hand uniforms?
-------------------------------------------------------------------------------
Content-Type: text/plain; charset="utf-8"
MIME-Version: 1.0
Content-Transfer-Encoding: 8bit
Subject: New enrolment enquiry
From: website@kestrelridge.example
To: admissions@kestrelridge.example
Date: Tue, 22 Sep 2026 04:46:32 -0000
Message-ID: <179005239204.5288.7304778040339356547@DESKTOP-3R3L32E>
Auto-Submitted: auto-generated

Parent/Guardian's full name: Jarrah Thorne
Email address: jarrah.thorne@example.com
Phone number: (02) 5550 8365
Student's first name: Mateo
Year level of entry: Year 11
Preferred start term: Term 4
Languages spoken at home (e.g. Français, Español): Mandarin
How did you hear about us?: Open Day
Questions or comments: My son has a peanut allergy. How does the canteen manage allergies?
Subscribe to our newsletter: True
-------------------------------------------------------------------------------
Content-Type: text/plain; charset="utf-8"
MIME-Version: 1.0
Content-Transfer-Encoding: 8bit
Subject: New enrolment enquiry
From: website@kestrelridge.example
To: admissions@kestrelridge.example
Date: Tue, 22 Sep 2026 04:46:32 -0000
Message-ID: <179005239205.5288.10696280926963597660@DESKTOP-3R3L32E>
Auto-Submitted: auto-generated

Parent/Guardian's full name: Wiremu Lindqvist
Email address: wiremu.lindqvist@example.com
Phone number: (02) 5550 4067
Student's first name: Leilani
Year level of entry: Year 9
Preferred start term: Term 4
Languages spoken at home (e.g. Français, Español): Mandarin
How did you hear about us?: Social media
Questions or comments: Can we meet the Head of Junior School before applying?
Subscribe to our newsletter: True
-------------------------------------------------------------------------------
Content-Type: text/plain; charset="utf-8"
MIME-Version: 1.0
Content-Transfer-Encoding: 7bit
Subject: Website contact form
From: website@kestrelridge.example
To: enquiries@kestrelridge.example
Date: Tue, 22 Sep 2026 04:46:32 -0000
Message-ID: <179005239205.5288.12685990251929132705@DESKTOP-3R3L32E>
Auto-Submitted: auto-generated

Your name: Luca Dimitriou
Email: luca.dimitriou@example.com
Subject: Events
Message: Can grandparents attend the Junior School Art Exhibition?
-------------------------------------------------------------------------------
Content-Type: text/plain; charset="utf-8"
MIME-Version: 1.0
Content-Transfer-Encoding: 8bit
Subject: New enrolment enquiry
From: website@kestrelridge.example
To: admissions@kestrelridge.example
Date: Tue, 22 Sep 2026 04:46:32 -0000
Message-ID: <179005239205.5288.7735716984860259910@DESKTOP-3R3L32E>
Auto-Submitted: auto-generated

Parent/Guardian's full name: Jarrah Dimitriou
Email address: jarrah.dimitriou@example.com
Phone number: (02) 5550 9606
Student's first name: Kai
Year level of entry: Year 10
Preferred start term: Term 1
Languages spoken at home (e.g. Français, Español): Italiano
How did you hear about us?: Friend or family
Questions or comments: None
Subscribe to our newsletter: False
-------------------------------------------------------------------------------
Content-Type: text/plain; charset="utf-8"
MIME-Version: 1.0
Content-Transfer-Encoding: 8bit
Subject: New enrolment enquiry
From: website@kestrelridge.example
To: admissions@kestrelridge.example
Date: Tue, 22 Sep 2026 04:46:32 -0000
Message-ID: <179005239206.5288.4965801333399033763@DESKTOP-3R3L32E>
Auto-Submitted: auto-generated

Parent/Guardian's full name: Maya Hoang
Email address: maya.hoang@example.com
Phone number: (02) 5550 9541
Student's first name: Arlo
Year level of entry: Year 6
Preferred start term: Term 4
Languages spoken at home (e.g. Français, Español): English
How did you hear about us?: Open Day
Questions or comments: Is there a sibling discount on tuition fees?
Subscribe to our newsletter: True
-------------------------------------------------------------------------------
Content-Type: text/plain; charset="utf-8"
MIME-Version: 1.0
Content-Transfer-Encoding: 8bit
Subject: New enrolment enquiry
From: website@kestrelridge.example
To: admissions@kestrelridge.example
Date: Tue, 22 Sep 2026 04:46:32 -0000
Message-ID: <179005239206.5288.10129977722031209380@DESKTOP-3R3L32E>
Auto-Submitted: auto-generated

Parent/Guardian's full name: Quinn Castellano
Email address: quinn.castellano@example.com
Phone number: (02) 5550 4663
Student's first name: Jasper
Year level of entry: Year 12
Preferred start term: Term 2
Languages spoken at home (e.g. Français, Español): English
How did you hear about us?: Website, Other
Questions or comments: My son has a peanut allergy. How does the canteen manage allergies?
Subscribe to our newsletter: True
-------------------------------------------------------------------------------
Content-Type: text/plain; charset="utf-8"
MIME-Version: 1.0
Content-Transfer-Encoding: 8bit
Subject: New enrolment enquiry
From: website@kestrelridge.example
To: admissions@kestrelridge.example
Date: Tue, 22 Sep 2026 04:46:32 -0000
Message-ID: <179005239206.5288.6411676613009808384@DESKTOP-3R3L32E>
Auto-Submitted: auto-generated

Parent/Guardian's full name: Ines Baptiste
Email address: ines.baptiste@example.com
Phone number: (02) 5550 7568
Student's first name: Hugo
Year level of entry: Year 4
Preferred start term: Term 4
Languages spoken at home (e.g. Français, Español): Greek
How did you hear about us?: Social media, Open Day
Questions or comments: We're relocating from Melbourne mid-year — are there places available in Term 3?
Subscribe to our newsletter: False
-------------------------------------------------------------------------------
Content-Type: text/plain; charset="utf-8"
MIME-Version: 1.0
Content-Transfer-Encoding: 7bit
Subject: Website contact form
From: website@kestrelridge.example
To: enquiries@kestrelridge.example
Date: Tue, 22 Sep 2026 04:46:32 -0000
Message-ID: <179005239207.5288.6993200122266395005@DESKTOP-3R3L32E>
Auto-Submitted: auto-generated

Your name: Jarrah Kaur
Email: jarrah.kaur@example.com
Subject: Accounts
Message: We would like to set up a monthly payment plan for tuition fees.
-------------------------------------------------------------------------------
Content-Type: text/plain; charset="utf-8"
MIME-Version: 1.0
Content-Transfer-Encoding: 7bit
Subject: Website contact form
From: website@kestrelridge.example
To: enquiries@kestrelridge.example
Date: Tue, 22 Sep 2026 04:46:32 -0000
Message-ID: <179005239207.5288.16949483718407351137@DESKTOP-3R3L32E>
Auto-Submitted: auto-generated

Your name: Stefan Dimitriou
Email: stefan.dimitriou@example.com
Subject: Accounts
Message: Could you resend our Term 3 fee statement? The link in the email expired.
-------------------------------------------------------------------------------
Content-Type: text/plain; charset="utf-8"
MIME-Version: 1.0
Content-Transfer-Encoding: 7bit
Subject: Website contact form
From: website@kestrelridge.example
To: enquiries@kestrelridge.example
Date: Tue, 22 Sep 2026 04:46:32 -0000
Message-ID: <179005239207.5288.12246203138819179302@DESKTOP-3R3L32E>
Auto-Submitted: auto-generated

Your name: Georgia Nakamura
Email: georgia.nakamura@example.com
Subject: Events
Message: Is there parking near Ridgeway Oval for the athletics carnival?
-------------------------------------------------------------------------------
Content-Type: text/plain; charset="utf-8"
MIME-Version: 1.0
Content-Transfer-Encoding: 8bit
Subject: New enrolment enquiry
From: website@kestrelridge.example
To: admissions@kestrelridge.example
Date: Tue, 22 Sep 2026 04:46:32 -0000
Message-ID: <179005239207.5288.1726449629718078768@DESKTOP-3R3L32E>
Auto-Submitted: auto-generated

Parent/Guardian's full name: Tahlia Quintero
Email address: tahlia.quintero@example.com
Phone number: (02) 5550 2888
Student's first name: Arlo
Year level of entry: Year 3
Preferred start term: Term 2
Languages spoken at home (e.g. Français, Español): Mandarin
How did you hear about us?: Social media
Questions or comments: My son has a peanut allergy. How does the canteen manage allergies?
Subscribe to our newsletter: False
-------------------------------------------------------------------------------
Content-Type: text/plain; charset="utf-8"
MIME-Version: 1.0
Content-Transfer-Encoding: 8bit
Subject: New enrolment enquiry
From: website@kestrelridge.example
To: admissions@kestrelridge.example
Date: Tue, 22 Sep 2026 04:46:32 -0000
Message-ID: <179005239208.5288.13369589690013813038@DESKTOP-3R3L32E>
Auto-Submitted: auto-generated

Parent/Guardian's full name: Xavier Hoang
Email address: xavier.hoang@example.com
Phone number: (02) 5550 5577
Student's first name: Mateo
Year level of entry: Year 1
Preferred start term: Term 2
Languages spoken at home (e.g. Français, Español): Korean
How did you hear about us?: Website
Questions or comments: Do you offer before and after school care for the Junior School?
Subscribe to our newsletter: False
-------------------------------------------------------------------------------
Content-Type: text/plain; charset="utf-8"
MIME-Version: 1.0
Content-Transfer-Encoding: 8bit
Subject: New enrolment enquiry
From: website@kestrelridge.example
To: admissions@kestrelridge.example
Date: Tue, 22 Sep 2026 04:46:32 -0000
Message-ID: <179005239208.5288.2073434172014001227@DESKTOP-3R3L32E>
Auto-Submitted: auto-generated

Parent/Guardian's full name: Vanessa Oyelaran
Email address: vanessa.oyelaran@example.com
Phone number: None
Student's first name: Beatrice
Year level of entry: Year 4
Preferred start term: Term 4
Languages spoken at home (e.g. Français, Español): English
How did you hear about us?: Social media
Questions or comments: Can we meet the Head of Junior School before applying?
Subscribe to our newsletter: False
-------------------------------------------------------------------------------
Content-Type: text/plain; charset="utf-8"
MIME-Version: 1.0
Content-Transfer-Encoding: 8bit
Subject: New enrolment enquiry
From: website@kestrelridge.example
To: admissions@kestrelridge.example
Date: Tue, 22 Sep 2026 04:46:32 -0000
Message-ID: <179005239208.5288.10985848880616070211@DESKTOP-3R3L32E>
Auto-Submitted: auto-generated

Parent/Guardian's full name: Maya Abernethy
Email address: maya.abernethy@example.com
Phone number: (02) 5550 9139
Student's first name: Willow
Year level of entry: Year 6
Preferred start term: Term 3
Languages spoken at home (e.g. Français, Español): None
How did you hear about us?: Social media
Questions or comments: Is there a sibling discount on tuition fees?
Subscribe to our newsletter: True
-------------------------------------------------------------------------------
Demo content ready:
  Pages (live, excluding root)     43
    StandardPage                   11
    EventPage                      12
    StaffPage                      15
  Images                           26
  Documents                        3
  Event categories                 5
  Departments                      9
  Enquiry submissions              30
  Contact submissions              10
# ----------------------------------------------------------------
# exit code: 0
# duration:  5s
