# rec 037-pip-install-215-retry
# time:    2026-09-22 10:37:17 +0530
# folder:  /d/django/wagtail-school-215
# command: D:\django\.virtualenvs/wagtail-school-215/Scripts/python.exe -m pip install -r requirements.txt
# commit:  b8548bb
# ----------------------------------------------------------------
Collecting Django<3.3,>=3.2 (from -r requirements.txt (line 1))
  Using cached Django-3.2.25-py3-none-any.whl.metadata (4.1 kB)
Collecting wagtail<2.16,>=2.15 (from -r requirements.txt (line 2))
  Using cached wagtail-2.15.6-py3-none-any.whl.metadata (3.5 kB)
Collecting psycopg2-binary<2.10,>=2.9 (from -r requirements.txt (line 4))
  Downloading psycopg2_binary-2.9.13-cp310-cp310-win_amd64.whl.metadata (5.1 kB)
Collecting asgiref<4,>=3.3.2 (from Django<3.3,>=3.2->-r requirements.txt (line 1))
  Using cached asgiref-3.12.1-py3-none-any.whl.metadata (9.4 kB)
Collecting pytz (from Django<3.3,>=3.2->-r requirements.txt (line 1))
  Using cached pytz-2026.3.post1-py2.py3-none-any.whl.metadata (22 kB)
Collecting sqlparse>=0.2.2 (from Django<3.3,>=3.2->-r requirements.txt (line 1))
  Using cached sqlparse-0.6.0-py3-none-any.whl.metadata (6.0 kB)
Collecting django-modelcluster<6.0,>=5.2 (from wagtail<2.16,>=2.15->-r requirements.txt (line 2))
  Using cached django_modelcluster-5.3-py2.py3-none-any.whl.metadata (6.4 kB)
Collecting django-taggit<2.0,>=1.0 (from wagtail<2.16,>=2.15->-r requirements.txt (line 2))
  Using cached django_taggit-1.5.1-py3-none-any.whl.metadata (3.4 kB)
Collecting django-treebeard!=4.5,<5.0,>=4.2.0 (from wagtail<2.16,>=2.15->-r requirements.txt (line 2))
  Using cached django_treebeard-4.8.0-py3-none-any.whl.metadata (2.6 kB)
Collecting djangorestframework<4.0,>=3.11.1 (from wagtail<2.16,>=2.15->-r requirements.txt (line 2))
  Using cached djangorestframework-3.18.1-py3-none-any.whl.metadata (7.8 kB)
Collecting django-filter<22,>=2.2 (from wagtail<2.16,>=2.15->-r requirements.txt (line 2))
  Using cached django_filter-21.1-py3-none-any.whl.metadata (5.1 kB)
Collecting draftjs-exporter<3.0,>=2.1.5 (from wagtail<2.16,>=2.15->-r requirements.txt (line 2))
  Using cached draftjs_exporter-2.1.7-py3-none-any.whl.metadata (15 kB)
Collecting Pillow<10.0.0,>=4.0.0 (from wagtail<2.16,>=2.15->-r requirements.txt (line 2))
  Using cached Pillow-9.5.0-cp310-cp310-win_amd64.whl.metadata (9.7 kB)
Collecting beautifulsoup4<4.10,>=4.8 (from wagtail<2.16,>=2.15->-r requirements.txt (line 2))
  Using cached beautifulsoup4-4.9.3-py3-none-any.whl.metadata (4.2 kB)
Collecting html5lib<2,>=0.999 (from wagtail<2.16,>=2.15->-r requirements.txt (line 2))
  Using cached html5lib-1.1-py2.py3-none-any.whl.metadata (16 kB)
Collecting Willow<1.5,>=1.4 (from wagtail<2.16,>=2.15->-r requirements.txt (line 2))
  Using cached Willow-1.4.1-py2.py3-none-any.whl.metadata (1.1 kB)
Collecting requests<3.0,>=2.11.1 (from wagtail<2.16,>=2.15->-r requirements.txt (line 2))
  Using cached requests-2.34.2-py3-none-any.whl.metadata (4.8 kB)
Collecting l18n>=2018.5 (from wagtail<2.16,>=2.15->-r requirements.txt (line 2))
  Using cached l18n-2021.3-py3-none-any.whl.metadata (7.3 kB)
Collecting xlsxwriter<4.0,>=1.2.8 (from wagtail<2.16,>=2.15->-r requirements.txt (line 2))
  Using cached xlsxwriter-3.2.9-py3-none-any.whl.metadata (2.7 kB)
Collecting tablib>=0.14.0 (from tablib[xls,xlsx]>=0.14.0->wagtail<2.16,>=2.15->-r requirements.txt (line 2))
  Using cached tablib-3.10.0-py3-none-any.whl.metadata (3.8 kB)
Collecting anyascii>=0.1.5 (from wagtail<2.16,>=2.15->-r requirements.txt (line 2))
  Using cached anyascii-0.3.3-py3-none-any.whl.metadata (1.6 kB)
Collecting telepath<1,>=0.1.1 (from wagtail<2.16,>=2.15->-r requirements.txt (line 2))
  Using cached telepath-0.3.1-py38-none-any.whl.metadata (1.7 kB)
Collecting typing_extensions>=4 (from asgiref<4,>=3.3.2->Django<3.3,>=3.2->-r requirements.txt (line 1))
  Using cached typing_extensions-4.16.0-py3-none-any.whl.metadata (3.3 kB)
Collecting soupsieve>1.2 (from beautifulsoup4<4.10,>=4.8->wagtail<2.16,>=2.15->-r requirements.txt (line 2))
  Using cached soupsieve-2.9.2-py3-none-any.whl.metadata (4.6 kB)
INFO: pip is looking at multiple versions of django-treebeard to determine which version is compatible with other requirements. This could take a while.
Collecting django-treebeard!=4.5,<5.0,>=4.2.0 (from wagtail<2.16,>=2.15->-r requirements.txt (line 2))
  Using cached django_treebeard-4.7.1-py3-none-any.whl.metadata (2.7 kB)
INFO: pip is looking at multiple versions of djangorestframework to determine which version is compatible with other requirements. This could take a while.
Collecting djangorestframework<4.0,>=3.11.1 (from wagtail<2.16,>=2.15->-r requirements.txt (line 2))
  Using cached djangorestframework-3.18.0-py3-none-any.whl.metadata (7.8 kB)
  Using cached djangorestframework-3.17.2-py3-none-any.whl.metadata (7.9 kB)
  Using cached djangorestframework-3.17.1-py3-none-any.whl.metadata (7.9 kB)
  Using cached djangorestframework-3.17.0-py3-none-any.whl.metadata (7.9 kB)
  Using cached djangorestframework-3.16.1-py3-none-any.whl.metadata (11 kB)
  Using cached djangorestframework-3.16.0-py3-none-any.whl.metadata (11 kB)
  Using cached djangorestframework-3.15.2-py3-none-any.whl.metadata (10 kB)
INFO: pip is still looking at multiple versions of djangorestframework to determine which version is compatible with other requirements. This could take a while.
  Using cached djangorestframework-3.15.1-py3-none-any.whl.metadata (11 kB)
Collecting six>=1.9 (from html5lib<2,>=0.999->wagtail<2.16,>=2.15->-r requirements.txt (line 2))
  Using cached six-1.17.0-py2.py3-none-any.whl.metadata (1.7 kB)
Collecting webencodings (from html5lib<2,>=0.999->wagtail<2.16,>=2.15->-r requirements.txt (line 2))
  Using cached webencodings-0.6.1-py3-none-any.whl.metadata (3.4 kB)
Collecting charset_normalizer<4,>=2 (from requests<3.0,>=2.11.1->wagtail<2.16,>=2.15->-r requirements.txt (line 2))
  Using cached charset_normalizer-3.5.1-cp310-cp310-win_amd64.whl.metadata (46 kB)
Collecting idna<4,>=2.5 (from requests<3.0,>=2.11.1->wagtail<2.16,>=2.15->-r requirements.txt (line 2))
  Using cached idna-3.20-py3-none-any.whl.metadata (7.2 kB)
Collecting urllib3<3,>=1.26 (from requests<3.0,>=2.11.1->wagtail<2.16,>=2.15->-r requirements.txt (line 2))
  Using cached urllib3-2.8.0-py3-none-any.whl.metadata (7.4 kB)
Collecting certifi>=2023.5.7 (from requests<3.0,>=2.11.1->wagtail<2.16,>=2.15->-r requirements.txt (line 2))
  Using cached certifi-2026.7.22-py3-none-any.whl.metadata (2.5 kB)
Collecting openpyxl>=2.6.0 (from tablib[xls,xlsx]>=0.14.0->wagtail<2.16,>=2.15->-r requirements.txt (line 2))
  Using cached openpyxl-3.1.5-py2.py3-none-any.whl.metadata (2.5 kB)
Collecting xlrd (from tablib[xls,xlsx]>=0.14.0->wagtail<2.16,>=2.15->-r requirements.txt (line 2))
  Using cached xlrd-2.0.2-py2.py3-none-any.whl.metadata (3.5 kB)
Collecting xlwt (from tablib[xls,xlsx]>=0.14.0->wagtail<2.16,>=2.15->-r requirements.txt (line 2))
  Using cached xlwt-1.3.0-py2.py3-none-any.whl.metadata (3.5 kB)
Collecting et-xmlfile (from openpyxl>=2.6.0->tablib[xls,xlsx]>=0.14.0->wagtail<2.16,>=2.15->-r requirements.txt (line 2))
  Using cached et_xmlfile-2.0.0-py3-none-any.whl.metadata (2.7 kB)
Using cached Django-3.2.25-py3-none-any.whl (7.9 MB)
Using cached wagtail-2.15.6-py3-none-any.whl (13.3 MB)
Downloading psycopg2_binary-2.9.13-cp310-cp310-win_amd64.whl (2.8 MB)
   ---------------------------------------- 2.8/2.8 MB 14.6 MB/s eta 0:00:00
Using cached asgiref-3.12.1-py3-none-any.whl (25 kB)
Using cached beautifulsoup4-4.9.3-py3-none-any.whl (115 kB)
Using cached django_filter-21.1-py3-none-any.whl (81 kB)
Using cached django_modelcluster-5.3-py2.py3-none-any.whl (26 kB)
Using cached django_taggit-1.5.1-py3-none-any.whl (53 kB)
Using cached django_treebeard-4.7.1-py3-none-any.whl (93 kB)
Using cached djangorestframework-3.15.1-py3-none-any.whl (1.1 MB)
Using cached draftjs_exporter-2.1.7-py3-none-any.whl (43 kB)
Using cached html5lib-1.1-py2.py3-none-any.whl (112 kB)
Using cached Pillow-9.5.0-cp310-cp310-win_amd64.whl (2.5 MB)
Using cached requests-2.34.2-py3-none-any.whl (73 kB)
Using cached charset_normalizer-3.5.1-cp310-cp310-win_amd64.whl (206 kB)
Using cached idna-3.20-py3-none-any.whl (69 kB)
Using cached telepath-0.3.1-py38-none-any.whl (10 kB)
Using cached urllib3-2.8.0-py3-none-any.whl (135 kB)
Using cached Willow-1.4.1-py2.py3-none-any.whl (106 kB)
Using cached xlsxwriter-3.2.9-py3-none-any.whl (175 kB)
Using cached anyascii-0.3.3-py3-none-any.whl (345 kB)
Using cached certifi-2026.7.22-py3-none-any.whl (136 kB)
Using cached l18n-2021.3-py3-none-any.whl (51 kB)
Using cached pytz-2026.3.post1-py2.py3-none-any.whl (508 kB)
Using cached six-1.17.0-py2.py3-none-any.whl (11 kB)
Using cached soupsieve-2.9.2-py3-none-any.whl (37 kB)
Using cached sqlparse-0.6.0-py3-none-any.whl (50 kB)
Using cached tablib-3.10.0-py3-none-any.whl (50 kB)
Using cached openpyxl-3.1.5-py2.py3-none-any.whl (250 kB)
Using cached typing_extensions-4.16.0-py3-none-any.whl (45 kB)
Using cached et_xmlfile-2.0.0-py3-none-any.whl (18 kB)
Using cached webencodings-0.6.1-py3-none-any.whl (8.7 kB)
Using cached xlrd-2.0.2-py2.py3-none-any.whl (96 kB)
Using cached xlwt-1.3.0-py2.py3-none-any.whl (99 kB)
Installing collected packages: xlwt, pytz, draftjs-exporter, xlsxwriter, xlrd, Willow, webencodings, urllib3, typing_extensions, telepath, tablib, sqlparse, soupsieve, six, psycopg2-binary, Pillow, idna, et-xmlfile, django-modelcluster, charset_normalizer, certifi, anyascii, requests, openpyxl, l18n, html5lib, beautifulsoup4, asgiref, Django, djangorestframework, django-treebeard, django-taggit, django-filter, wagtail

Successfully installed Django-3.2.25 Pillow-9.5.0 Willow-1.4.1 anyascii-0.3.3 asgiref-3.12.1 beautifulsoup4-4.9.3 certifi-2026.7.22 charset_normalizer-3.5.1 django-filter-21.1 django-modelcluster-5.3 django-taggit-1.5.1 django-treebeard-4.7.1 djangorestframework-3.15.1 draftjs-exporter-2.1.7 et-xmlfile-2.0.0 html5lib-1.1 idna-3.20 l18n-2021.3 openpyxl-3.1.5 psycopg2-binary-2.9.13 pytz-2026.3.post1 requests-2.34.2 six-1.17.0 soupsieve-2.9.2 sqlparse-0.6.0 tablib-3.10.0 telepath-0.3.1 typing_extensions-4.16.0 urllib3-2.8.0 wagtail-2.15.6 webencodings-0.6.1 xlrd-2.0.2 xlsxwriter-3.2.9 xlwt-1.3.0

[notice] A new release of pip is available: 25.1.1 -> 26.2.1
[notice] To update, run: D:\django\.virtualenvs\wagtail-school-215\Scripts\python.exe -m pip install --upgrade pip
# ----------------------------------------------------------------
# exit code: 0
# duration:  33s
