# rec 045-request-no-checks-1
# time:    2026-09-22 10:39:50 +0530
# folder:  /d/django/wagtail-school-215
# command: D:\django\.virtualenvs/wagtail-school-215/Scripts/python.exe manage.py shell -c exec(open('tools/request_without_checks.py', encoding='utf-8').read())
# commit:  722c6f4
# ----------------------------------------------------------------
Traceback (most recent call last):
  File "D:\django\wagtail-school-215\manage.py", line 10, in <module>
    execute_from_command_line(sys.argv)
  File "D:\django\.virtualenvs\wagtail-school-215\lib\site-packages\django\core\management\__init__.py", line 419, in execute_from_command_line
    utility.execute()
  File "D:\django\.virtualenvs\wagtail-school-215\lib\site-packages\django\core\management\__init__.py", line 413, in execute
    self.fetch_command(subcommand).run_from_argv(self.argv)
  File "D:\django\.virtualenvs\wagtail-school-215\lib\site-packages\django\core\management\base.py", line 354, in run_from_argv
    self.execute(*args, **cmd_options)
  File "D:\django\.virtualenvs\wagtail-school-215\lib\site-packages\django\core\management\base.py", line 398, in execute
    output = self.handle(*args, **options)
  File "D:\django\.virtualenvs\wagtail-school-215\lib\site-packages\django\core\management\commands\shell.py", line 87, in handle
    exec(options['command'], globals())
  File "<string>", line 1, in <module>
  File "<string>", line 11, in <module>
  File "D:\django\.virtualenvs\wagtail-school-215\lib\site-packages\django\test\client.py", line 742, in get
    response = super().get(path, data=data, secure=secure, **extra)
  File "D:\django\.virtualenvs\wagtail-school-215\lib\site-packages\django\test\client.py", line 396, in get
    return self.generic('GET', path, secure=secure, **{
  File "D:\django\.virtualenvs\wagtail-school-215\lib\site-packages\django\test\client.py", line 473, in generic
    return self.request(**r)
  File "D:\django\.virtualenvs\wagtail-school-215\lib\site-packages\django\test\client.py", line 714, in request
    response = self.handler(environ)
  File "D:\django\.virtualenvs\wagtail-school-215\lib\site-packages\django\test\client.py", line 132, in __call__
    self.load_middleware()
  File "D:\django\.virtualenvs\wagtail-school-215\lib\site-packages\django\core\handlers\base.py", line 40, in load_middleware
    middleware = import_string(middleware_path)
  File "D:\django\.virtualenvs\wagtail-school-215\lib\site-packages\django\utils\module_loading.py", line 17, in import_string
    module = import_module(module_path)
  File "C:\Users\admin\AppData\Local\Packages\Claude_pzs8sxrjxfjjc\LocalCache\Roaming\uv\python\cpython-3.10.21-windows-x86_64-none\lib\importlib\__init__.py", line 126, in import_module
    return _bootstrap._gcd_import(name[level:], package, level)
  File "<frozen importlib._bootstrap>", line 1050, in _gcd_import
  File "<frozen importlib._bootstrap>", line 1027, in _find_and_load
  File "<frozen importlib._bootstrap>", line 1004, in _find_and_load_unlocked
ModuleNotFoundError: No module named 'wagtail.core.middleware'
# ----------------------------------------------------------------
# exit code: 1
# duration:  0s
