# rec 052-pip-install-unidecode
# time:    2026-09-22 10:41:10 +0530
# folder:  /d/django/wagtail-school-215
# command: D:\django\.virtualenvs/wagtail-school-215/Scripts/python.exe -m pip install -r requirements.txt
# commit:  337976d
# ----------------------------------------------------------------
Requirement already satisfied: Django<3.3,>=3.2 in d:\django\.virtualenvs\wagtail-school-215\lib\site-packages (from -r requirements.txt (line 1)) (3.2.25)
Requirement already satisfied: wagtail<2.16,>=2.15 in d:\django\.virtualenvs\wagtail-school-215\lib\site-packages (from -r requirements.txt (line 2)) (2.15.6)
Requirement already satisfied: psycopg2-binary<2.10,>=2.9 in d:\django\.virtualenvs\wagtail-school-215\lib\site-packages (from -r requirements.txt (line 4)) (2.9.13)
Collecting Unidecode<2,>=1.1 (from -r requirements.txt (line 6))
  Using cached Unidecode-1.4.0-py3-none-any.whl.metadata (13 kB)
Requirement already satisfied: asgiref<4,>=3.3.2 in d:\django\.virtualenvs\wagtail-school-215\lib\site-packages (from Django<3.3,>=3.2->-r requirements.txt (line 1)) (3.12.1)
Requirement already satisfied: pytz in d:\django\.virtualenvs\wagtail-school-215\lib\site-packages (from Django<3.3,>=3.2->-r requirements.txt (line 1)) (2026.3.post1)
Requirement already satisfied: sqlparse>=0.2.2 in d:\django\.virtualenvs\wagtail-school-215\lib\site-packages (from Django<3.3,>=3.2->-r requirements.txt (line 1)) (0.6.0)
Requirement already satisfied: django-modelcluster<6.0,>=5.2 in d:\django\.virtualenvs\wagtail-school-215\lib\site-packages (from wagtail<2.16,>=2.15->-r requirements.txt (line 2)) (5.3)
Requirement already satisfied: django-taggit<2.0,>=1.0 in d:\django\.virtualenvs\wagtail-school-215\lib\site-packages (from wagtail<2.16,>=2.15->-r requirements.txt (line 2)) (1.5.1)
Requirement already satisfied: django-treebeard!=4.5,<5.0,>=4.2.0 in d:\django\.virtualenvs\wagtail-school-215\lib\site-packages (from wagtail<2.16,>=2.15->-r requirements.txt (line 2)) (4.7.1)
Requirement already satisfied: djangorestframework<4.0,>=3.11.1 in d:\django\.virtualenvs\wagtail-school-215\lib\site-packages (from wagtail<2.16,>=2.15->-r requirements.txt (line 2)) (3.15.1)
Requirement already satisfied: django-filter<22,>=2.2 in d:\django\.virtualenvs\wagtail-school-215\lib\site-packages (from wagtail<2.16,>=2.15->-r requirements.txt (line 2)) (21.1)
Requirement already satisfied: draftjs-exporter<3.0,>=2.1.5 in d:\django\.virtualenvs\wagtail-school-215\lib\site-packages (from wagtail<2.16,>=2.15->-r requirements.txt (line 2)) (2.1.7)
Requirement already satisfied: Pillow<10.0.0,>=4.0.0 in d:\django\.virtualenvs\wagtail-school-215\lib\site-packages (from wagtail<2.16,>=2.15->-r requirements.txt (line 2)) (9.5.0)
Requirement already satisfied: beautifulsoup4<4.10,>=4.8 in d:\django\.virtualenvs\wagtail-school-215\lib\site-packages (from wagtail<2.16,>=2.15->-r requirements.txt (line 2)) (4.9.3)
Requirement already satisfied: html5lib<2,>=0.999 in d:\django\.virtualenvs\wagtail-school-215\lib\site-packages (from wagtail<2.16,>=2.15->-r requirements.txt (line 2)) (1.1)
Requirement already satisfied: Willow<1.5,>=1.4 in d:\django\.virtualenvs\wagtail-school-215\lib\site-packages (from wagtail<2.16,>=2.15->-r requirements.txt (line 2)) (1.4.1)
Requirement already satisfied: requests<3.0,>=2.11.1 in d:\django\.virtualenvs\wagtail-school-215\lib\site-packages (from wagtail<2.16,>=2.15->-r requirements.txt (line 2)) (2.34.2)
Requirement already satisfied: l18n>=2018.5 in d:\django\.virtualenvs\wagtail-school-215\lib\site-packages (from wagtail<2.16,>=2.15->-r requirements.txt (line 2)) (2021.3)
Requirement already satisfied: xlsxwriter<4.0,>=1.2.8 in d:\django\.virtualenvs\wagtail-school-215\lib\site-packages (from wagtail<2.16,>=2.15->-r requirements.txt (line 2)) (3.2.9)
Requirement already satisfied: tablib>=0.14.0 in d:\django\.virtualenvs\wagtail-school-215\lib\site-packages (from tablib[xls,xlsx]>=0.14.0->wagtail<2.16,>=2.15->-r requirements.txt (line 2)) (3.10.0)
Requirement already satisfied: anyascii>=0.1.5 in d:\django\.virtualenvs\wagtail-school-215\lib\site-packages (from wagtail<2.16,>=2.15->-r requirements.txt (line 2)) (0.3.3)
Requirement already satisfied: telepath<1,>=0.1.1 in d:\django\.virtualenvs\wagtail-school-215\lib\site-packages (from wagtail<2.16,>=2.15->-r requirements.txt (line 2)) (0.3.1)
Requirement already satisfied: typing_extensions>=4 in d:\django\.virtualenvs\wagtail-school-215\lib\site-packages (from asgiref<4,>=3.3.2->Django<3.3,>=3.2->-r requirements.txt (line 1)) (4.16.0)
Requirement already satisfied: soupsieve>1.2 in d:\django\.virtualenvs\wagtail-school-215\lib\site-packages (from beautifulsoup4<4.10,>=4.8->wagtail<2.16,>=2.15->-r requirements.txt (line 2)) (2.9.2)
Requirement already satisfied: six>=1.9 in d:\django\.virtualenvs\wagtail-school-215\lib\site-packages (from html5lib<2,>=0.999->wagtail<2.16,>=2.15->-r requirements.txt (line 2)) (1.17.0)
Requirement already satisfied: webencodings in d:\django\.virtualenvs\wagtail-school-215\lib\site-packages (from html5lib<2,>=0.999->wagtail<2.16,>=2.15->-r requirements.txt (line 2)) (0.6.1)
Requirement already satisfied: charset_normalizer<4,>=2 in d:\django\.virtualenvs\wagtail-school-215\lib\site-packages (from requests<3.0,>=2.11.1->wagtail<2.16,>=2.15->-r requirements.txt (line 2)) (3.5.1)
Requirement already satisfied: idna<4,>=2.5 in d:\django\.virtualenvs\wagtail-school-215\lib\site-packages (from requests<3.0,>=2.11.1->wagtail<2.16,>=2.15->-r requirements.txt (line 2)) (3.20)
Requirement already satisfied: urllib3<3,>=1.26 in d:\django\.virtualenvs\wagtail-school-215\lib\site-packages (from requests<3.0,>=2.11.1->wagtail<2.16,>=2.15->-r requirements.txt (line 2)) (2.8.0)
Requirement already satisfied: certifi>=2023.5.7 in d:\django\.virtualenvs\wagtail-school-215\lib\site-packages (from requests<3.0,>=2.11.1->wagtail<2.16,>=2.15->-r requirements.txt (line 2)) (2026.7.22)
Requirement already satisfied: xlrd in d:\django\.virtualenvs\wagtail-school-215\lib\site-packages (from tablib[xls,xlsx]>=0.14.0->wagtail<2.16,>=2.15->-r requirements.txt (line 2)) (2.0.2)
Requirement already satisfied: xlwt in d:\django\.virtualenvs\wagtail-school-215\lib\site-packages (from tablib[xls,xlsx]>=0.14.0->wagtail<2.16,>=2.15->-r requirements.txt (line 2)) (1.3.0)
Requirement already satisfied: openpyxl>=2.6.0 in d:\django\.virtualenvs\wagtail-school-215\lib\site-packages (from tablib[xls,xlsx]>=0.14.0->wagtail<2.16,>=2.15->-r requirements.txt (line 2)) (3.1.5)
Requirement already satisfied: et-xmlfile in d:\django\.virtualenvs\wagtail-school-215\lib\site-packages (from openpyxl>=2.6.0->tablib[xls,xlsx]>=0.14.0->wagtail<2.16,>=2.15->-r requirements.txt (line 2)) (2.0.0)
Using cached Unidecode-1.4.0-py3-none-any.whl (235 kB)
Installing collected packages: Unidecode
Successfully installed Unidecode-1.4.0

[notice] A new release of pip is available: 25.1.1 -> 26.2.1
[notice] To update, run: D:\django\.virtualenvs\wagtail-school-215\Scripts\python.exe -m pip install --upgrade pip
# ----------------------------------------------------------------
# exit code: 0
# duration:  3s
