# rec 061-form-keys-fresh-215
# time:    2026-09-22 10:44:17 +0530
# folder:  /d/django/wagtail-school-215
# command: D:\django\.virtualenvs/wagtail-school-215/Scripts/python.exe manage.py shell -c exec(open('tools/form_keys_report.py', encoding='utf-8').read())
# commit:  16399a1
# ----------------------------------------------------------------
== enrolment-enquiry (30 submissions)
  Parent/Guardian's full name                          clean_name='parentguardians_full_name'                      matches data
  Email address                                        clean_name='email_address'                                  matches data
  Phone number                                         clean_name='phone_number'                                   matches data
  Student's first name                                 clean_name='students_first_name'                            matches data
  Year level of entry                                  clean_name='year_level_of_entry'                            matches data
  Preferred start term                                 clean_name='preferred_start_term'                           matches data
  Languages spoken at home (e.g. Français, Español)    clean_name='languages_spoken_at_home_eg_francais_espanol'   matches data
  How did you hear about us?                           clean_name='how_did_you_hear_about_us'                      matches data
  Questions or comments                                clean_name='questions_or_comments'                          matches data
  Subscribe to our newsletter                          clean_name='subscribe_to_our_newsletter'                    matches data
== contact-us (10 submissions)
  Your name                                            clean_name='your_name'                                      matches data
  Email                                                clean_name='email'                                          matches data
  Subject                                              clean_name='subject'                                        matches data
  Message                                              clean_name='message'                                        matches data
# ----------------------------------------------------------------
# exit code: 0
# duration:  1s
