# rec 080-pip-install-74
# time:    2026-09-22 10:59:07 +0530
# folder:  /d/django/wagtail-school-74
# command: D:\django\.virtualenvs/wagtail-school-74/Scripts/python.exe -m pip install -r requirements.txt
# commit:  268636b
# ----------------------------------------------------------------
Collecting Django<5.3,>=5.2 (from -r requirements.txt (line 1))
  Downloading django-5.2.17-py3-none-any.whl.metadata (4.1 kB)
Collecting wagtail<7.5,>=7.4 (from -r requirements.txt (line 2))
  Using cached wagtail-7.4.3-py3-none-any.whl.metadata (12 kB)
Collecting psycopg2-binary<2.10,>=2.9 (from -r requirements.txt (line 4))
  Downloading psycopg2_binary-2.9.13-cp312-cp312-win_amd64.whl.metadata (5.1 kB)
Collecting asgiref>=3.8.1 (from Django<5.3,>=5.2->-r requirements.txt (line 1))
  Using cached asgiref-3.12.1-py3-none-any.whl.metadata (9.4 kB)
Collecting sqlparse>=0.3.1 (from Django<5.3,>=5.2->-r requirements.txt (line 1))
  Using cached sqlparse-0.6.0-py3-none-any.whl.metadata (6.0 kB)
Collecting tzdata (from Django<5.3,>=5.2->-r requirements.txt (line 1))
  Using cached tzdata-2026.4-py2.py3-none-any.whl.metadata (1.4 kB)
Collecting django-modelcluster<7.0,>=6.5 (from wagtail<7.5,>=7.4->-r requirements.txt (line 2))
  Using cached django_modelcluster-6.5-py3-none-any.whl.metadata (6.3 kB)
Collecting django-permissionedforms<1.0,>=0.1 (from wagtail<7.5,>=7.4->-r requirements.txt (line 2))
  Using cached django_permissionedforms-0.1-py2.py3-none-any.whl.metadata (6.0 kB)
Collecting django-taggit<7,>=5.0 (from wagtail<7.5,>=7.4->-r requirements.txt (line 2))
  Using cached django_taggit-6.1.0-py3-none-any.whl.metadata (3.5 kB)
Collecting django-treebeard<6.0,>=4.8 (from wagtail<7.5,>=7.4->-r requirements.txt (line 2))
  Using cached django_treebeard-5.3.1-py3-none-any.whl.metadata (3.0 kB)
Collecting djangorestframework<4.0,>=3.15.1 (from wagtail<7.5,>=7.4->-r requirements.txt (line 2))
  Using cached djangorestframework-3.18.1-py3-none-any.whl.metadata (7.8 kB)
Collecting django-filter>=23.3 (from wagtail<7.5,>=7.4->-r requirements.txt (line 2))
  Using cached django_filter-26.1-py3-none-any.whl.metadata (5.2 kB)
Collecting draftjs_exporter<6.0,>=2.1.5 (from wagtail<7.5,>=7.4->-r requirements.txt (line 2))
  Using cached draftjs_exporter-5.2.0-py3-none-any.whl.metadata (16 kB)
Collecting Pillow>=9.1.0 (from wagtail<7.5,>=7.4->-r requirements.txt (line 2))
  Using cached pillow-12.3.0-cp312-cp312-win_amd64.whl.metadata (9.3 kB)
Collecting beautifulsoup4<5,>=4.13.3 (from wagtail<7.5,>=7.4->-r requirements.txt (line 2))
  Using cached beautifulsoup4-4.15.0-py3-none-any.whl.metadata (3.8 kB)
Collecting Willow<2,>=1.11.0 (from Willow[heif]<2,>=1.11.0->wagtail<7.5,>=7.4->-r requirements.txt (line 2))
  Using cached willow-1.12.0-py3-none-any.whl.metadata (6.0 kB)
Collecting requests<3.0,>=2.11.1 (from wagtail<7.5,>=7.4->-r requirements.txt (line 2))
  Using cached requests-2.34.2-py3-none-any.whl.metadata (4.8 kB)
Collecting openpyxl<4.0,>=3.0.10 (from wagtail<7.5,>=7.4->-r requirements.txt (line 2))
  Using cached openpyxl-3.1.5-py2.py3-none-any.whl.metadata (2.5 kB)
Collecting anyascii>=0.1.5 (from wagtail<7.5,>=7.4->-r requirements.txt (line 2))
  Using cached anyascii-0.3.3-py3-none-any.whl.metadata (1.6 kB)
Collecting telepath<1,>=0.3.1 (from wagtail<7.5,>=7.4->-r requirements.txt (line 2))
  Using cached telepath-0.3.1-py38-none-any.whl.metadata (1.7 kB)
Collecting laces<0.2,>=0.1 (from wagtail<7.5,>=7.4->-r requirements.txt (line 2))
  Using cached laces-0.1.2-py3-none-any.whl.metadata (33 kB)
Collecting django-tasks<0.13,>=0.9 (from wagtail<7.5,>=7.4->-r requirements.txt (line 2))
  Using cached django_tasks-0.12.0-py3-none-any.whl.metadata (8.9 kB)
Collecting modelsearch<1.4,>=1.3 (from wagtail<7.5,>=7.4->-r requirements.txt (line 2))
  Using cached modelsearch-1.3.2-py3-none-any.whl.metadata (7.3 kB)
Collecting soupsieve>=1.6.1 (from beautifulsoup4<5,>=4.13.3->wagtail<7.5,>=7.4->-r requirements.txt (line 2))
  Using cached soupsieve-2.9.2-py3-none-any.whl.metadata (4.6 kB)
Collecting typing-extensions>=4.0.0 (from beautifulsoup4<5,>=4.13.3->wagtail<7.5,>=7.4->-r requirements.txt (line 2))
  Using cached typing_extensions-4.16.0-py3-none-any.whl.metadata (3.3 kB)
Collecting django-stubs-ext (from django-tasks<0.13,>=0.9->wagtail<7.5,>=7.4->-r requirements.txt (line 2))
  Using cached django_stubs_ext-6.1.1-py3-none-any.whl.metadata (3.6 kB)
Collecting et-xmlfile (from openpyxl<4.0,>=3.0.10->wagtail<7.5,>=7.4->-r requirements.txt (line 2))
  Using cached et_xmlfile-2.0.0-py3-none-any.whl.metadata (2.7 kB)
Collecting charset_normalizer<4,>=2 (from requests<3.0,>=2.11.1->wagtail<7.5,>=7.4->-r requirements.txt (line 2))
  Using cached charset_normalizer-3.5.1-cp312-cp312-win_amd64.whl.metadata (46 kB)
Collecting idna<4,>=2.5 (from requests<3.0,>=2.11.1->wagtail<7.5,>=7.4->-r requirements.txt (line 2))
  Using cached idna-3.20-py3-none-any.whl.metadata (7.2 kB)
Collecting urllib3<3,>=1.26 (from requests<3.0,>=2.11.1->wagtail<7.5,>=7.4->-r requirements.txt (line 2))
  Using cached urllib3-2.8.0-py3-none-any.whl.metadata (7.4 kB)
Collecting certifi>=2023.5.7 (from requests<3.0,>=2.11.1->wagtail<7.5,>=7.4->-r requirements.txt (line 2))
  Using cached certifi-2026.7.22-py3-none-any.whl.metadata (2.5 kB)
Collecting filetype!=1.1.0,>=1.0.10 (from Willow<2,>=1.11.0->Willow[heif]<2,>=1.11.0->wagtail<7.5,>=7.4->-r requirements.txt (line 2))
  Using cached filetype-1.2.0-py2.py3-none-any.whl.metadata (6.5 kB)
Collecting defusedxml<1.0,>=0.7 (from Willow<2,>=1.11.0->Willow[heif]<2,>=1.11.0->wagtail<7.5,>=7.4->-r requirements.txt (line 2))
  Using cached defusedxml-0.7.1-py2.py3-none-any.whl.metadata (32 kB)
Collecting pillow-heif>=1.0.0 (from Willow[heif]<2,>=1.11.0->wagtail<7.5,>=7.4->-r requirements.txt (line 2))
  Using cached pillow_heif-1.7.0-cp312-cp312-win_amd64.whl.metadata (9.9 kB)
Downloading django-5.2.17-py3-none-any.whl (8.3 MB)
   ---------------------------------------- 8.3/8.3 MB 587.0 kB/s  0:00:13
Using cached wagtail-7.4.3-py3-none-any.whl (9.5 MB)
Downloading psycopg2_binary-2.9.13-cp312-cp312-win_amd64.whl (2.8 MB)
   ---------------------------------------- 2.8/2.8 MB 871.5 kB/s  0:00:03
Using cached beautifulsoup4-4.15.0-py3-none-any.whl (109 kB)
Using cached django_modelcluster-6.5-py3-none-any.whl (29 kB)
Using cached django_permissionedforms-0.1-py2.py3-none-any.whl (5.7 kB)
Using cached django_taggit-6.1.0-py3-none-any.whl (75 kB)
Using cached django_tasks-0.12.0-py3-none-any.whl (15 kB)
Using cached django_treebeard-5.3.1-py3-none-any.whl (82 kB)
Using cached djangorestframework-3.18.1-py3-none-any.whl (901 kB)
Using cached draftjs_exporter-5.2.0-py3-none-any.whl (26 kB)
Using cached laces-0.1.2-py3-none-any.whl (22 kB)
Using cached modelsearch-1.3.2-py3-none-any.whl (129 kB)
Using cached openpyxl-3.1.5-py2.py3-none-any.whl (250 kB)
Using cached requests-2.34.2-py3-none-any.whl (73 kB)
Using cached charset_normalizer-3.5.1-cp312-cp312-win_amd64.whl (200 kB)
Using cached idna-3.20-py3-none-any.whl (69 kB)
Using cached telepath-0.3.1-py38-none-any.whl (10 kB)
Using cached urllib3-2.8.0-py3-none-any.whl (135 kB)
Using cached willow-1.12.0-py3-none-any.whl (119 kB)
Using cached defusedxml-0.7.1-py2.py3-none-any.whl (25 kB)
Using cached anyascii-0.3.3-py3-none-any.whl (345 kB)
Using cached asgiref-3.12.1-py3-none-any.whl (25 kB)
Using cached certifi-2026.7.22-py3-none-any.whl (136 kB)
Using cached django_filter-26.1-py3-none-any.whl (94 kB)
Using cached filetype-1.2.0-py2.py3-none-any.whl (19 kB)
Using cached pillow-12.3.0-cp312-cp312-win_amd64.whl (7.2 MB)
Using cached pillow_heif-1.7.0-cp312-cp312-win_amd64.whl (6.6 MB)
Using cached soupsieve-2.9.2-py3-none-any.whl (37 kB)
Using cached sqlparse-0.6.0-py3-none-any.whl (50 kB)
Using cached typing_extensions-4.16.0-py3-none-any.whl (45 kB)
Using cached django_stubs_ext-6.1.1-py3-none-any.whl (10 kB)
Using cached et_xmlfile-2.0.0-py3-none-any.whl (18 kB)
Using cached tzdata-2026.4-py2.py3-none-any.whl (347 kB)
Installing collected packages: filetype, draftjs_exporter, urllib3, tzdata, typing-extensions, telepath, sqlparse, soupsieve, psycopg2-binary, Pillow, idna, et-xmlfile, defusedxml, charset_normalizer, certifi, asgiref, anyascii, Willow, requests, pillow-heif, openpyxl, Django, beautifulsoup4, laces, djangorestframework, django-treebeard, django-taggit, django-stubs-ext, django-permissionedforms, django-modelcluster, django-filter, django-tasks, modelsearch, wagtail

Successfully installed Django-5.2.17 Pillow-12.3.0 Willow-1.12.0 anyascii-0.3.3 asgiref-3.12.1 beautifulsoup4-4.15.0 certifi-2026.7.22 charset_normalizer-3.5.1 defusedxml-0.7.1 django-filter-26.1 django-modelcluster-6.5 django-permissionedforms-0.1 django-stubs-ext-6.1.1 django-taggit-6.1.0 django-tasks-0.12.0 django-treebeard-5.3.1 djangorestframework-3.18.1 draftjs_exporter-5.2.0 et-xmlfile-2.0.0 filetype-1.2.0 idna-3.20 laces-0.1.2 modelsearch-1.3.2 openpyxl-3.1.5 pillow-heif-1.7.0 psycopg2-binary-2.9.13 requests-2.34.2 soupsieve-2.9.2 sqlparse-0.6.0 telepath-0.3.1 typing-extensions-4.16.0 tzdata-2026.4 urllib3-2.8.0 wagtail-7.4.3
# ----------------------------------------------------------------
# exit code: 0
# duration:  58s
