# rec 083-check-Wa-74-2
# time:    2026-09-22 11:00:40 +0530
# folder:  /d/django/wagtail-school-74
# command: D:\django\.virtualenvs/wagtail-school-74/Scripts/python.exe -Wa manage.py check
# commit:  f9524ba
# ----------------------------------------------------------------
Traceback (most recent call last):
  File "D:\django\wagtail-school-74\manage.py", line 10, in <module>
    execute_from_command_line(sys.argv)
  File "D:\django\.virtualenvs\wagtail-school-74\Lib\site-packages\django\core\management\__init__.py", line 442, in execute_from_command_line
    utility.execute()
  File "D:\django\.virtualenvs\wagtail-school-74\Lib\site-packages\django\core\management\__init__.py", line 416, in execute
    django.setup()
  File "D:\django\.virtualenvs\wagtail-school-74\Lib\site-packages\django\__init__.py", line 24, in setup
    apps.populate(settings.INSTALLED_APPS)
  File "D:\django\.virtualenvs\wagtail-school-74\Lib\site-packages\django\apps\registry.py", line 91, in populate
    app_config = AppConfig.create(entry)
                 ^^^^^^^^^^^^^^^^^^^^^^^
  File "D:\django\.virtualenvs\wagtail-school-74\Lib\site-packages\django\apps\config.py", line 193, in create
    import_module(entry)
  File "C:\Users\admin\AppData\Local\Programs\Python\Python312\Lib\importlib\__init__.py", line 90, in import_module
    return _bootstrap._gcd_import(name[level:], package, level)
           ^^^^^^^^^^^^^^^^^^^^^^^^^^^^^^^^^^^^^^^^^^^^^^^^^^^^
  File "<frozen importlib._bootstrap>", line 1387, in _gcd_import
  File "<frozen importlib._bootstrap>", line 1360, in _find_and_load
  File "<frozen importlib._bootstrap>", line 1324, in _find_and_load_unlocked
ModuleNotFoundError: No module named 'wagtail.core'
# ----------------------------------------------------------------
# exit code: 1
# duration:  0s
