# rec 088-check-Wa-74-5
# time:    2026-09-22 11:01:56 +0530
# folder:  /d/django/wagtail-school-74
# command: D:\django\.virtualenvs/wagtail-school-74/Scripts/python.exe -Wa manage.py check
# commit:  dffbf43
# ----------------------------------------------------------------
Traceback (most recent call last):
  File "D:\django\wagtail-school-74\manage.py", line 10, in <module>
    execute_from_command_line(sys.argv)
  File "D:\django\.virtualenvs\wagtail-school-74\Lib\site-packages\django\core\management\__init__.py", line 442, in execute_from_command_line
    utility.execute()
  File "D:\django\.virtualenvs\wagtail-school-74\Lib\site-packages\django\core\management\__init__.py", line 416, in execute
    django.setup()
  File "D:\django\.virtualenvs\wagtail-school-74\Lib\site-packages\django\__init__.py", line 24, in setup
    apps.populate(settings.INSTALLED_APPS)
  File "D:\django\.virtualenvs\wagtail-school-74\Lib\site-packages\django\apps\registry.py", line 116, in populate
    app_config.import_models()
  File "D:\django\.virtualenvs\wagtail-school-74\Lib\site-packages\django\apps\config.py", line 269, in import_models
    self.models_module = import_module(models_module_name)
                         ^^^^^^^^^^^^^^^^^^^^^^^^^^^^^^^^^
  File "C:\Users\admin\AppData\Local\Programs\Python\Python312\Lib\importlib\__init__.py", line 90, in import_module
    return _bootstrap._gcd_import(name[level:], package, level)
           ^^^^^^^^^^^^^^^^^^^^^^^^^^^^^^^^^^^^^^^^^^^^^^^^^^^^
  File "<frozen importlib._bootstrap>", line 1387, in _gcd_import
  File "<frozen importlib._bootstrap>", line 1360, in _find_and_load
  File "<frozen importlib._bootstrap>", line 1331, in _find_and_load_unlocked
  File "<frozen importlib._bootstrap>", line 935, in _load_unlocked
  File "<frozen importlib._bootstrap_external>", line 999, in exec_module
  File "<frozen importlib._bootstrap>", line 488, in _call_with_frames_removed
  File "D:\django\wagtail-school-74\core\models.py", line 5, in <module>
    from wagtail.contrib.settings.models import BaseSetting, register_setting
ImportError: cannot import name 'BaseSetting' from 'wagtail.contrib.settings.models' (D:\django\.virtualenvs\wagtail-school-74\Lib\site-packages\wagtail\contrib\settings\models.py). Did you mean: 'BaseSiteSetting'?
# ----------------------------------------------------------------
# exit code: 1
# duration:  1s
