# rec 089-check-Wa-74-6
# time:    2026-09-22 11:02:07 +0530
# folder:  /d/django/wagtail-school-74
# command: D:\django\.virtualenvs/wagtail-school-74/Scripts/python.exe -Wa manage.py check
# commit:  72279ff
# ----------------------------------------------------------------
Traceback (most recent call last):
  File "D:\django\wagtail-school-74\manage.py", line 10, in <module>
    execute_from_command_line(sys.argv)
  File "D:\django\.virtualenvs\wagtail-school-74\Lib\site-packages\django\core\management\__init__.py", line 442, in execute_from_command_line
    utility.execute()
  File "D:\django\.virtualenvs\wagtail-school-74\Lib\site-packages\django\core\management\__init__.py", line 436, in execute
    self.fetch_command(subcommand).run_from_argv(self.argv)
  File "D:\django\.virtualenvs\wagtail-school-74\Lib\site-packages\django\core\management\base.py", line 420, in run_from_argv
    self.execute(*args, **cmd_options)
  File "D:\django\.virtualenvs\wagtail-school-74\Lib\site-packages\django\core\management\base.py", line 464, in execute
    output = self.handle(*args, **options)
             ^^^^^^^^^^^^^^^^^^^^^^^^^^^^^
  File "D:\django\.virtualenvs\wagtail-school-74\Lib\site-packages\django\core\management\commands\check.py", line 81, in handle
    self.check(
  File "D:\django\.virtualenvs\wagtail-school-74\Lib\site-packages\django\core\management\base.py", line 496, in check
    all_issues = checks.run_checks(
                 ^^^^^^^^^^^^^^^^^^
  File "D:\django\.virtualenvs\wagtail-school-74\Lib\site-packages\django\core\checks\registry.py", line 89, in run_checks
    new_errors = check(app_configs=app_configs, databases=databases)
                 ^^^^^^^^^^^^^^^^^^^^^^^^^^^^^^^^^^^^^^^^^^^^^^^^^^^
  File "D:\django\.virtualenvs\wagtail-school-74\Lib\site-packages\django\core\checks\urls.py", line 16, in check_url_config
    return check_resolver(resolver)
           ^^^^^^^^^^^^^^^^^^^^^^^^
  File "D:\django\.virtualenvs\wagtail-school-74\Lib\site-packages\django\core\checks\urls.py", line 26, in check_resolver
    return check_method()
           ^^^^^^^^^^^^^^
  File "D:\django\.virtualenvs\wagtail-school-74\Lib\site-packages\django\urls\resolvers.py", line 531, in check
    for pattern in self.url_patterns:
                   ^^^^^^^^^^^^^^^^^
  File "D:\django\.virtualenvs\wagtail-school-74\Lib\site-packages\django\utils\functional.py", line 47, in __get__
    res = instance.__dict__[self.name] = self.func(instance)
                                         ^^^^^^^^^^^^^^^^^^^
  File "D:\django\.virtualenvs\wagtail-school-74\Lib\site-packages\django\urls\resolvers.py", line 718, in url_patterns
    patterns = getattr(self.urlconf_module, "urlpatterns", self.urlconf_module)
                       ^^^^^^^^^^^^^^^^^^^
  File "D:\django\.virtualenvs\wagtail-school-74\Lib\site-packages\django\utils\functional.py", line 47, in __get__
    res = instance.__dict__[self.name] = self.func(instance)
                                         ^^^^^^^^^^^^^^^^^^^
  File "D:\django\.virtualenvs\wagtail-school-74\Lib\site-packages\django\urls\resolvers.py", line 711, in urlconf_module
    return import_module(self.urlconf_name)
           ^^^^^^^^^^^^^^^^^^^^^^^^^^^^^^^^
  File "C:\Users\admin\AppData\Local\Programs\Python\Python312\Lib\importlib\__init__.py", line 90, in import_module
    return _bootstrap._gcd_import(name[level:], package, level)
           ^^^^^^^^^^^^^^^^^^^^^^^^^^^^^^^^^^^^^^^^^^^^^^^^^^^^
  File "<frozen importlib._bootstrap>", line 1387, in _gcd_import
  File "<frozen importlib._bootstrap>", line 1360, in _find_and_load
  File "<frozen importlib._bootstrap>", line 1331, in _find_and_load_unlocked
  File "<frozen importlib._bootstrap>", line 935, in _load_unlocked
  File "<frozen importlib._bootstrap_external>", line 999, in exec_module
  File "<frozen importlib._bootstrap>", line 488, in _call_with_frames_removed
  File "D:\django\wagtail-school-74\schoolsite\urls.py", line 2, in <module>
    from django.conf.urls import include, url
ImportError: cannot import name 'url' from 'django.conf.urls' (D:\django\.virtualenvs\wagtail-school-74\Lib\site-packages\django\conf\urls\__init__.py)
# ----------------------------------------------------------------
# exit code: 1
# duration:  1s
