# rec 114-pip-install-unidecode-74
# time:    2026-09-22 11:10:27 +0530
# folder:  /d/django/wagtail-school-74
# command: D:\django\.virtualenvs/wagtail-school-74/Scripts/python.exe -m pip install -r requirements.txt
# commit:  7de86dc
# ----------------------------------------------------------------
Requirement already satisfied: Django<5.3,>=5.2 in D:\django\.virtualenvs\wagtail-school-74\Lib\site-packages (from -r requirements.txt (line 1)) (5.2.17)
Requirement already satisfied: wagtail<7.5,>=7.4 in D:\django\.virtualenvs\wagtail-school-74\Lib\site-packages (from -r requirements.txt (line 2)) (7.4.3)
Requirement already satisfied: psycopg2-binary<2.10,>=2.9 in D:\django\.virtualenvs\wagtail-school-74\Lib\site-packages (from -r requirements.txt (line 4)) (2.9.13)
Collecting Unidecode<2,>=1.1 (from -r requirements.txt (line 7))
  Using cached Unidecode-1.4.0-py3-none-any.whl.metadata (13 kB)
Requirement already satisfied: asgiref>=3.8.1 in D:\django\.virtualenvs\wagtail-school-74\Lib\site-packages (from Django<5.3,>=5.2->-r requirements.txt (line 1)) (3.12.1)
Requirement already satisfied: sqlparse>=0.3.1 in D:\django\.virtualenvs\wagtail-school-74\Lib\site-packages (from Django<5.3,>=5.2->-r requirements.txt (line 1)) (0.6.0)
Requirement already satisfied: tzdata in D:\django\.virtualenvs\wagtail-school-74\Lib\site-packages (from Django<5.3,>=5.2->-r requirements.txt (line 1)) (2026.4)
Requirement already satisfied: django-modelcluster<7.0,>=6.5 in D:\django\.virtualenvs\wagtail-school-74\Lib\site-packages (from wagtail<7.5,>=7.4->-r requirements.txt (line 2)) (6.5)
Requirement already satisfied: django-permissionedforms<1.0,>=0.1 in D:\django\.virtualenvs\wagtail-school-74\Lib\site-packages (from wagtail<7.5,>=7.4->-r requirements.txt (line 2)) (0.1)
Requirement already satisfied: django-taggit<7,>=5.0 in D:\django\.virtualenvs\wagtail-school-74\Lib\site-packages (from wagtail<7.5,>=7.4->-r requirements.txt (line 2)) (6.1.0)
Requirement already satisfied: django-treebeard<6.0,>=4.8 in D:\django\.virtualenvs\wagtail-school-74\Lib\site-packages (from wagtail<7.5,>=7.4->-r requirements.txt (line 2)) (5.3.1)
Requirement already satisfied: djangorestframework<4.0,>=3.15.1 in D:\django\.virtualenvs\wagtail-school-74\Lib\site-packages (from wagtail<7.5,>=7.4->-r requirements.txt (line 2)) (3.18.1)
Requirement already satisfied: django-filter>=23.3 in D:\django\.virtualenvs\wagtail-school-74\Lib\site-packages (from wagtail<7.5,>=7.4->-r requirements.txt (line 2)) (26.1)
Requirement already satisfied: draftjs_exporter<6.0,>=2.1.5 in D:\django\.virtualenvs\wagtail-school-74\Lib\site-packages (from wagtail<7.5,>=7.4->-r requirements.txt (line 2)) (5.2.0)
Requirement already satisfied: Pillow>=9.1.0 in D:\django\.virtualenvs\wagtail-school-74\Lib\site-packages (from wagtail<7.5,>=7.4->-r requirements.txt (line 2)) (12.3.0)
Requirement already satisfied: beautifulsoup4<5,>=4.13.3 in D:\django\.virtualenvs\wagtail-school-74\Lib\site-packages (from wagtail<7.5,>=7.4->-r requirements.txt (line 2)) (4.15.0)
Requirement already satisfied: Willow<2,>=1.11.0 in D:\django\.virtualenvs\wagtail-school-74\Lib\site-packages (from Willow[heif]<2,>=1.11.0->wagtail<7.5,>=7.4->-r requirements.txt (line 2)) (1.12.0)
Requirement already satisfied: requests<3.0,>=2.11.1 in D:\django\.virtualenvs\wagtail-school-74\Lib\site-packages (from wagtail<7.5,>=7.4->-r requirements.txt (line 2)) (2.34.2)
Requirement already satisfied: openpyxl<4.0,>=3.0.10 in D:\django\.virtualenvs\wagtail-school-74\Lib\site-packages (from wagtail<7.5,>=7.4->-r requirements.txt (line 2)) (3.1.5)
Requirement already satisfied: anyascii>=0.1.5 in D:\django\.virtualenvs\wagtail-school-74\Lib\site-packages (from wagtail<7.5,>=7.4->-r requirements.txt (line 2)) (0.3.3)
Requirement already satisfied: telepath<1,>=0.3.1 in D:\django\.virtualenvs\wagtail-school-74\Lib\site-packages (from wagtail<7.5,>=7.4->-r requirements.txt (line 2)) (0.3.1)
Requirement already satisfied: laces<0.2,>=0.1 in D:\django\.virtualenvs\wagtail-school-74\Lib\site-packages (from wagtail<7.5,>=7.4->-r requirements.txt (line 2)) (0.1.2)
Requirement already satisfied: django-tasks<0.13,>=0.9 in D:\django\.virtualenvs\wagtail-school-74\Lib\site-packages (from wagtail<7.5,>=7.4->-r requirements.txt (line 2)) (0.12.0)
Requirement already satisfied: modelsearch<1.4,>=1.3 in D:\django\.virtualenvs\wagtail-school-74\Lib\site-packages (from wagtail<7.5,>=7.4->-r requirements.txt (line 2)) (1.3.2)
Requirement already satisfied: soupsieve>=1.6.1 in D:\django\.virtualenvs\wagtail-school-74\Lib\site-packages (from beautifulsoup4<5,>=4.13.3->wagtail<7.5,>=7.4->-r requirements.txt (line 2)) (2.9.2)
Requirement already satisfied: typing-extensions>=4.0.0 in D:\django\.virtualenvs\wagtail-school-74\Lib\site-packages (from beautifulsoup4<5,>=4.13.3->wagtail<7.5,>=7.4->-r requirements.txt (line 2)) (4.16.0)
Requirement already satisfied: django-stubs-ext in D:\django\.virtualenvs\wagtail-school-74\Lib\site-packages (from django-tasks<0.13,>=0.9->wagtail<7.5,>=7.4->-r requirements.txt (line 2)) (6.1.1)
Requirement already satisfied: et-xmlfile in D:\django\.virtualenvs\wagtail-school-74\Lib\site-packages (from openpyxl<4.0,>=3.0.10->wagtail<7.5,>=7.4->-r requirements.txt (line 2)) (2.0.0)
Requirement already satisfied: charset_normalizer<4,>=2 in D:\django\.virtualenvs\wagtail-school-74\Lib\site-packages (from requests<3.0,>=2.11.1->wagtail<7.5,>=7.4->-r requirements.txt (line 2)) (3.5.1)
Requirement already satisfied: idna<4,>=2.5 in D:\django\.virtualenvs\wagtail-school-74\Lib\site-packages (from requests<3.0,>=2.11.1->wagtail<7.5,>=7.4->-r requirements.txt (line 2)) (3.20)
Requirement already satisfied: urllib3<3,>=1.26 in D:\django\.virtualenvs\wagtail-school-74\Lib\site-packages (from requests<3.0,>=2.11.1->wagtail<7.5,>=7.4->-r requirements.txt (line 2)) (2.8.0)
Requirement already satisfied: certifi>=2023.5.7 in D:\django\.virtualenvs\wagtail-school-74\Lib\site-packages (from requests<3.0,>=2.11.1->wagtail<7.5,>=7.4->-r requirements.txt (line 2)) (2026.7.22)
Requirement already satisfied: filetype!=1.1.0,>=1.0.10 in D:\django\.virtualenvs\wagtail-school-74\Lib\site-packages (from Willow<2,>=1.11.0->Willow[heif]<2,>=1.11.0->wagtail<7.5,>=7.4->-r requirements.txt (line 2)) (1.2.0)
Requirement already satisfied: defusedxml<1.0,>=0.7 in D:\django\.virtualenvs\wagtail-school-74\Lib\site-packages (from Willow<2,>=1.11.0->Willow[heif]<2,>=1.11.0->wagtail<7.5,>=7.4->-r requirements.txt (line 2)) (0.7.1)
Requirement already satisfied: pillow-heif>=1.0.0 in D:\django\.virtualenvs\wagtail-school-74\Lib\site-packages (from Willow[heif]<2,>=1.11.0->wagtail<7.5,>=7.4->-r requirements.txt (line 2)) (1.7.0)
Using cached Unidecode-1.4.0-py3-none-any.whl (235 kB)
Installing collected packages: Unidecode
Successfully installed Unidecode-1.4.0
# ----------------------------------------------------------------
# exit code: 0
# duration:  3s
